step3/config6/data0.txt
step3/config5/data1.txt
step3/config5/data3.txt
step3/config5/data5.txt
step3/config5/data4.txt
