5
step4/data8.txt
step4/data7.txt
step4/data6.txt
step4/data9.txt
step4/data10.txt
