3
step5/data/data30.txt
step5/data/data29.txt
step5/data/data28.txt
