step3/config10/data0.txt
step3/config10/data1.txt
step3/config10/data2.txt
