8
step5/data/data13.txt
step5/data/data15.txt
step5/data/data17.txt
step5/data/data18.txt
step5/data/data16.txt
step5/data/data14.txt
step5/data/data12.txt
step5/data/data11.txt
