4
step4/data7.txt
step4/data4.txt
step4/data5.txt
step4/data6.txt
