5
step5/data/data3.txt
step5/data/data1.txt
step5/data/data2.txt
step5/data/data4.txt
step5/data/data5.txt
