8
step5/data/data56.txt
step5/data/data55.txt
step5/data/data54.txt
step5/data/data53.txt
step5/data/data52.txt
step5/data/data51.txt
step5/data/data50.txt
step5/data/data49.txt
