step3/config9/data0.txt
step3/config9/data2.txt
step3/config9/data1.txt
