step3/config4/data0.txt
step3/config4/data1.txt
step3/config4/data2.txt
step3/config4/data3.txt
