3
step5/data/data23.txt
step5/data/data22.txt
step5/data/data21.txt
