step3/config12/data0.txt
step3/config12/data2.txt
step3/config12/data3.txt
step3/config12/data5.txt
step3/config12/data7.txt
step3/config12/data8.txt
step3/config12/data10.txt
step3/config12/data9.txt
step3/config12/data11.txt
step3/config12/data4.txt
step3/config12/data6.txt
step3/config12/data1.txt
