1000
step5/data/data1996.txt
step5/data/data1995.txt
step5/data/data1997.txt
step5/data/data1998.txt
step5/data/data1999.txt
