4
step5/data/data26.txt
step5/data/data24.txt
step5/data/data25.txt
step5/data/data27.txt
