step3/config11/data0.txt
step3/config11/data1.txt
step3/config11/data2.txt
step3/config11/data3.txt
step3/config11/data4.txt
step3/config11/data5.txt
