7
step5/data/data33.txt
step5/data/data34.txt
step5/data/data35.txt
step5/data/data36.txt
step5/data/data32.txt
step5/data/data31.txt
step5/data/data37.txt
